---
title: REVOKE <role> | TiDB SQL Statement Reference
summary: An overview of the usage of REVOKE <role> for the TiDB database.
---

# <code>REVOKE &#x3C;role></code> {#code-revoke-x3c-role-code}

このステートメントは、指定されたユーザー (またはユーザーのリスト) から以前に割り当てられた役割を削除します。

## あらすじ {#synopsis}

```ebnf+diagram
RevokeRoleStmt ::=
    'REVOKE' RolenameList 'FROM' UsernameList

RolenameList ::=
    Rolename ( ',' Rolename )*

UsernameList ::=
    Username ( ',' Username )*
```

## 例 {#examples}

分析チーム用の新しいロールと、 `jennifer`という名前の新しいユーザーを作成します。

```sql
$ mysql -uroot
Welcome to the MySQL monitor.  Commands end with ; or \g.
Your MySQL connection id is 37
Server version: 5.7.25-TiDB-v4.0.0-beta.2-728-ga9177fe84 TiDB Server (Apache License 2.0) Community Edition, MySQL 5.7 compatible

Copyright (c) 2000, 2020, Oracle and/or its affiliates. All rights reserved.

Oracle is a registered trademark of Oracle Corporation and/or its
affiliates. Other names may be trademarks of their respective
owners.

Type 'help;' or '\h' for help. Type '\c' to clear the current input statement.

mysql> CREATE ROLE analyticsteam;
Query OK, 0 rows affected (0.02 sec)

mysql> GRANT SELECT ON test.* TO analyticsteam;
Query OK, 0 rows affected (0.02 sec)

mysql> CREATE USER jennifer;
Query OK, 0 rows affected (0.01 sec)

mysql> GRANT analyticsteam TO jennifer;
Query OK, 0 rows affected (0.01 sec)
```

ロールに関連付けられた権限を使用できるようにするには、デフォルトで`jennifer` ～ `SET ROLE analyticsteam`が必要であることに注意してください。

```sql
$ mysql -ujennifer
Welcome to the MySQL monitor.  Commands end with ; or \g.
Your MySQL connection id is 32
Server version: 5.7.25-TiDB-v4.0.0-beta.2-728-ga9177fe84 TiDB Server (Apache License 2.0) Community Edition, MySQL 5.7 compatible

Copyright (c) 2000, 2020, Oracle and/or its affiliates. All rights reserved.

Oracle is a registered trademark of Oracle Corporation and/or its
affiliates. Other names may be trademarks of their respective
owners.

Type 'help;' or '\h' for help. Type '\c' to clear the current input statement.

mysql> SHOW GRANTS;
+---------------------------------------------+
| Grants for User                             |
+---------------------------------------------+
| GRANT USAGE ON *.* TO 'jennifer'@'%'        |
| GRANT 'analyticsteam'@'%' TO 'jennifer'@'%' |
+---------------------------------------------+
2 rows in set (0.00 sec)

mysql> SHOW TABLES in test;
ERROR 1044 (42000): Access denied for user 'jennifer'@'%' to database 'test'
mysql> SET ROLE analyticsteam;
Query OK, 0 rows affected (0.00 sec)

mysql> SHOW GRANTS;
+---------------------------------------------+
| Grants for User                             |
+---------------------------------------------+
| GRANT USAGE ON *.* TO 'jennifer'@'%'        |
| GRANT Select ON test.* TO 'jennifer'@'%'    |
| GRANT 'analyticsteam'@'%' TO 'jennifer'@'%' |
+---------------------------------------------+
3 rows in set (0.00 sec)

mysql> SHOW TABLES IN test;
+----------------+
| Tables_in_test |
+----------------+
| t1             |
+----------------+
1 row in set (0.00 sec)
```

ステートメント`SET DEFAULT ROLE`を使用してロールを`jennifer`に関連付けることができるため、ロールに関連付けられた権限を引き受けるためにステートメント`SET ROLE`を実行する必要はありません。

```sql
$ mysql -uroot
Welcome to the MySQL monitor.  Commands end with ; or \g.
Your MySQL connection id is 34
Server version: 5.7.25-TiDB-v4.0.0-beta.2-728-ga9177fe84 TiDB Server (Apache License 2.0) Community Edition, MySQL 5.7 compatible

Copyright (c) 2000, 2020, Oracle and/or its affiliates. All rights reserved.

Oracle is a registered trademark of Oracle Corporation and/or its
affiliates. Other names may be trademarks of their respective
owners.

Type 'help;' or '\h' for help. Type '\c' to clear the current input statement.

mysql> SET DEFAULT ROLE analyticsteam TO jennifer;
Query OK, 0 rows affected (0.02 sec)
```

```sql
$ mysql -ujennifer
Welcome to the MySQL monitor.  Commands end with ; or \g.
Your MySQL connection id is 35
Server version: 5.7.25-TiDB-v4.0.0-beta.2-728-ga9177fe84 TiDB Server (Apache License 2.0) Community Edition, MySQL 5.7 compatible

Copyright (c) 2000, 2020, Oracle and/or its affiliates. All rights reserved.

Oracle is a registered trademark of Oracle Corporation and/or its
affiliates. Other names may be trademarks of their respective
owners.

Type 'help;' or '\h' for help. Type '\c' to clear the current input statement.

mysql> SHOW GRANTS;
+---------------------------------------------+
| Grants for User                             |
+---------------------------------------------+
| GRANT USAGE ON *.* TO 'jennifer'@'%'        |
| GRANT Select ON test.* TO 'jennifer'@'%'    |
| GRANT 'analyticsteam'@'%' TO 'jennifer'@'%' |
+---------------------------------------------+
3 rows in set (0.00 sec)

mysql> SHOW TABLES IN test;
+----------------+
| Tables_in_test |
+----------------+
| t1             |
+----------------+
1 row in set (0.00 sec)
```

analyticsteam の役割を`jennifer`から取り消します。

```sql
$ mysql -uroot
Welcome to the MySQL monitor.  Commands end with ; or \g.
Your MySQL connection id is 38
Server version: 5.7.25-TiDB-v4.0.0-beta.2-728-ga9177fe84 TiDB Server (Apache License 2.0) Community Edition, MySQL 5.7 compatible

Copyright (c) 2000, 2020, Oracle and/or its affiliates. All rights reserved.

Oracle is a registered trademark of Oracle Corporation and/or its
affiliates. Other names may be trademarks of their respective
owners.

Type 'help;' or '\h' for help. Type '\c' to clear the current input statement.

mysql> REVOKE analyticsteam FROM jennifer;
Query OK, 0 rows affected (0.01 sec)
```

```sql
$ mysql -ujennifer
Welcome to the MySQL monitor.  Commands end with ; or \g.
Your MySQL connection id is 39
Server version: 5.7.25-TiDB-v4.0.0-beta.2-728-ga9177fe84 TiDB Server (Apache License 2.0) Community Edition, MySQL 5.7 compatible

Copyright (c) 2000, 2020, Oracle and/or its affiliates. All rights reserved.

Oracle is a registered trademark of Oracle Corporation and/or its
affiliates. Other names may be trademarks of their respective
owners.

Type 'help;' or '\h' for help. Type '\c' to clear the current input statement.

mysql> SHOW GRANTS;
+--------------------------------------+
| Grants for User                      |
+--------------------------------------+
| GRANT USAGE ON *.* TO 'jennifer'@'%' |
+--------------------------------------+
1 row in set (0.00 sec)
```

## MySQL の互換性 {#mysql-compatibility}

このステートメントは、MySQL 8.0 の機能であるロールと完全に互換性があると理解されています。互換性の違いは、GitHub で[問題を介して報告された](https://github.com/pingcap/tidb/issues/new/choose)にする必要があります。

## こちらもご覧ください {#see-also}

-   [役割を作成](/sql-statements/sql-statement-create-role.md)
-   [ロールを削除](/sql-statements/sql-statement-drop-role.md)
-   [`GRANT &#x3C;role>`](/sql-statements/sql-statement-grant-role.md)
-   [ロールを設定](/sql-statements/sql-statement-set-role.md)
-   [デフォルトの役割を設定](/sql-statements/sql-statement-set-default-role.md)

<CustomContent platform="tidb">

-   [役割ベースのアクセス制御](/role-based-access-control.md)

</CustomContent>
